[backblue.gif]
[fade.gif]
[index.html]
[www.myvbs.org/images/favicon/apple-touch-icon.png]
[www.myvbs.org/images/favicon/favicon-32x32.png]
[www.myvbs.org/images/favicon/favicon-16x16.png]
[www.myvbs.org/taglib/javascript/util.js]
[www.myvbs.org/javascript/lib.js]
[www.myvbs.org/css/main.css]
[www.myvbs.org/css/church5e1f.css]
[www.myvbs.org/css/church_home.css]
[www.myvbs.org/css/themes/29.css]
[www.myvbs.org/images/custom/3109/hero.jpg]
[www.myvbs.org/images/sized/3089/x200/logo.jpg]
[www.myvbs.org/images/tools/MyVBS_Logo_V2.png]
[www.myvbs.org/taglib/javascript/email_check_str.js]
[www.google-analytics.com/analytics.js]
[ajax.googleapis.com/ajax/libs/jquery/1.11.0/jquery.min.js]
[www.myvbs.org/javascript/interface.js]
[www.myvbs.org/fancybox/jquery.fancybox-1.3.1.pack.js]
[www.myvbs.org/fancybox/jquery.easing-1.3.pack.js]
[www.myvbs.org/agpsvbs/index.html]
[www.myvbs.org/taglib/css/reset-html5-tag.css]
[www.myvbs.org/css/fonts/demo.css]
[www.myvbs.org/css/fonts/grilled-cheese/grilled-cheese.css]
[www.myvbs.org/taglib/css/fonts/font-awesome/4.1.0/font-awesome.css]
[www.myvbs.org/images/main/trans-bg.png]
[www.myvbs.org/images/main/trans-bg-white.png]
[www.myvbs.org/fancybox/fancy_close.png]
[www.myvbs.org/images/main/echo-sub1.png]
[www.myvbs.org/taglib/images/silk/information.png]
[www.myvbs.org/css/main.css]
[www.myvbs.org/css/church5e1f.css]
[www.myvbs.org/css/church_home.css]
[www.myvbs.org/css/themes/29.css]
[www.myvbs.org/agpsvbs/register/index.html]
[www.myvbs.org/agpsvbs/volunteer/index.html]
[www.myvbs.org/taglib/css/reset-html5-tag.css]
[www.myvbs.org/css/fonts/demo.css]
[www.myvbs.org/css/fonts/grilled-cheese/grilled-cheese.eot]
[www.myvbs.org/css/fonts/grilled-cheese/grilled-cheesed41d.eot]
[www.myvbs.org/css/fonts/grilled-cheese/grilled-cheese.woff]
[www.myvbs.org/css/fonts/grilled-cheese/grilled-cheese.ttf]
[www.myvbs.org/css/fonts/grilled-cheese/grilled-cheese.css]
[www.myvbs.org/taglib/css/fonts/font-awesome/4.1.0/fontawesome-webfontba72.eot]
[www.myvbs.org/taglib/css/fonts/font-awesome/4.1.0/fontawesome-webfontd41d.eot]
[www.myvbs.org/taglib/css/fonts/font-awesome/4.1.0/fontawesome-webfontba72.woff]
[www.myvbs.org/taglib/css/fonts/font-awesome/4.1.0/fontawesome-webfontba72.ttf]
[www.myvbs.org/taglib/css/fonts/font-awesome/4.1.0/font-awesome.css]
[www.myvbs.org/images/custom/650/rf.jpg]
[www.myvbs.org/images/carousel/bg-controls.html]
[www.myvbs.org/taglib/css/fonts/font-awesome/4.1.0/fontawesome-webfontba72.svg]
[www.myvbs.org/images/main/bg-request_planbook.html]
[www.myvbs.org/images/main/gradient-blue.html]
